<html>
<body>
<pre>
<h1>礦ision Build Log</h1>
<h2>Tool Versions:</h2>
IDE-Version: μVision V5.14.0.0
Copyright (C) 2015 ARM Ltd and ARM Germany GmbH. All rights reserved.
License Information: 1 Microsoft, Microsoft, LIC=50D56-D3HEL-8X7UZ-JTU6P-WJZC0-QT6NA
 
Tool Versions:
Toolchain:       MDK-ARM Professional  Version: 5.14.0.0
Toolchain Path:  I:\工作软件\STM32可用软件\keil\ARM\ARMCC\Bin
C Compiler:      Armcc.exe V5.05 update 1 (build 106)
Assembler:       Armasm.exe V5.05 update 1 (build 106)
Linker/Locator:  ArmLink.exe V5.05 update 1 (build 106)
Library Manager: ArmAr.exe V5.05 update 1 (build 106)
Hex Converter:   FromElf.exe V5.05 update 1 (build 106)
CPU DLL:         SARMCM3.DLL V5.14.0.0
Dialog DLL:      DCM.DLL V1.13.1.0
Target DLL:      Segger\JL2CM3.dll V2.99.13.0
Dialog DLL:      TCM.DLL V1.14.4.0
 
<h2>Project:</h2>
J:\3TFT液晶系列\PCB和图片资料\2.4TFT红色\产品程序资料\2.4inch_SPI_Module_ILI9341_MSP2402_V1.1\1-Demo\Demo_STM32\Demo_STM32F103RCT6_Hardware_SPI\PROJECT\TOUCH.uvprojx
Project File Date:  10/23/2019

<h2>Output:</h2>
Rebuild target 'QD-TFT'
compiling GUI.c...
compiling main.c...
compiling stm32f10x_it.c...
compiling system_stm32f10x.c...
compiling test.c...
compiling key.c...
compiling lcd.c...
compiling 24cxx.c...
compiling touch.c...
compiling SPI.c...
compiling myiic.c...
compiling led.c...
compiling core_cm3.c...
assembling startup_stm32f10x_hd.s...
compiling misc.c...
compiling stm32f10x_gpio.c...
compiling stm32f10x_rcc.c...
compiling stm32f10x_spi.c...
compiling delay.c...
linking...
Program Size: Code=19630 RO-data=9538 RW-data=108 ZI-data=1652  
FromELF: creating hex file...
"..\OBJ\TOUCH.axf" - 0 Error(s), 0 Warning(s).

<h2>Software Packages used:</h2>

Package Vendor: ARM
                http://www.keil.com/pack/ARM.CMSIS.4.2.0.pack
                ARM::CMSIS:CORE:3.40.0
                CMSIS (Cortex Microcontroller Software Interface Standard)
   * Component: CORE Version: 3.40.0

Package Vendor: Keil
                http://www.keil.com/pack/Keil.STM32F1xx_DFP.1.0.5.pack
                Keil::Device:Startup:1.0.0
                STMicroelectronics STM32F1 Series Device Support, Drivers and Examples
   * Component: Startup Version: 1.0.0

<h2>Collection of Component include folders:</h2>
  J:\3TFT液晶系列\PCB和图片资料\2.4TFT红色\产品程序资料\2.4inch_SPI_Module_ILI9341_MSP2402_V1.1\1-Demo\Demo_STM32\Demo_STM32F103RCT6_Hardware_SPI\PROJECT\RTE
  I:\工作软件\STM32可用软件\MDK514\MDK514\Keil---pack\ARM\CMSIS\4.2.0\CMSIS\Include
  I:\工作软件\STM32可用软件\MDK514\MDK514\Keil---pack\Keil\STM32F1xx_DFP\1.0.5\Device\Include

<h2>Collection of Component Files used:</h2>

   * Component: ARM::CMSIS:CORE:3.40.0
      Source file:   CMSIS\UserCodeTemplates\ARM\ITM_Retarget.c

   * Component: Keil::Device:Startup:1.0.0
      Source file:   Device\Source\ARM\STM32F1xx_OPT.s
      Source file:   Device\Source\ARM\startup_stm32f10x_hd.s
      Source file:   Device\Source\system_stm32f10x.c
      Include file:  RTE_Driver\Config\RTE_Device.h
</pre>
</body>
</html>
